// Jest Snapshot v1, https://goo.gl/fbAQLP

exports[`DetailsList matches snapshot 1`] = `
<Fragment>
  <_default />
  <WithStyles(MovieList)
    movies={Array []}
  />
</Fragment>
`;
