// Jest Snapshot v1, https://goo.gl/fbAQLP

exports[`SearchBar matches snapshot 1`] = `
<WithStyles(BgContainer)>
  <_default />
  <form
    autoComplete="off"
  >
    <WithStyles(Typography)
      className="text-uppercase"
      component="h6"
      gutterBottom={true}
      variant="h6"
    >
      Find your movie
    </WithStyles(Typography)>
    <TextField
      className="search-field"
      id="search"
      margin="none"
      placeholder="Search"
      required={false}
      select={false}
      variant="standard"
    />
    <div
      className="search-actions"
    >
      <div
        className="search-actions__toolbar"
      >
        <WithStyles(Typography)
          className="text-uppercase"
          component="span"
          variant="subtitle2"
        >
          SearchÂ By
        </WithStyles(Typography)>
        <WithStyles(Button)
          color="primary"
          size="small"
          variant="contained"
        >
          Title
        </WithStyles(Button)>
        <WithStyles(Button)
          color="secondary"
          size="small"
          variant="contained"
        >
          Genre
        </WithStyles(Button)>
      </div>
      <WithStyles(Button)
        color="primary"
        size="medium"
        variant="contained"
      >
        Search
      </WithStyles(Button)>
    </div>
  </form>
</WithStyles(BgContainer)>
`;
