// Jest Snapshot v1, https://goo.gl/fbAQLP

exports[`DetailsList matches snapshot 1`] = `
<section
  className="movies"
>
  <_default />
  <_default />
</section>
`;
